U
U
v2
v5
v1 v4
v4 v4
